// Jest Snapshot v1, https://goo.gl/fbAQLP

exports[`<TextAreaInput /> renders textarea input 1`] = `
ShallowWrapper {
  Symbol(enzyme.__root__): [Circular],
  Symbol(enzyme.__unrendered__): <TextAreaInput
    disabled="false"
    error="test"
    info="test"
    label="test"
    name="test"
    onChange={[MockFunction]}
    placeholder="type something"
    rows="3"
    value=""
  />,
  Symbol(enzyme.__renderer__): Object {
    "batchedUpdates": [Function],
    "checkPropTypes": [Function],
    "getNode": [Function],
    "render": [Function],
    "simulateError": [Function],
    "simulateEvent": [Function],
    "unmount": [Function],
  },
  Symbol(enzyme.__node__): Object {
    "instance": null,
    "key": undefined,
    "nodeType": "host",
    "props": Object {
      "children": Array [
        <label
          htmlFor="test"
        >
          test
        </label>,
        <textarea
          className="form-control form-control-lg is-invalid"
          disabled="false"
          id="test"
          name="test"
          onChange={[MockFunction]}
          placeholder="type something"
          rows="3"
          value=""
        />,
        <small
          className="form-text text-muted"
        >
          test
        </small>,
        <div
          className="invalid-feedback"
        >
          test
        </div>,
      ],
      "className": "form-group",
    },
    "ref": null,
    "rendered": Array [
      Object {
        "instance": null,
        "key": undefined,
        "nodeType": "host",
        "props": Object {
          "children": "test",
          "htmlFor": "test",
        },
        "ref": null,
        "rendered": "test",
        "type": "label",
      },
      Object {
        "instance": null,
        "key": undefined,
        "nodeType": "host",
        "props": Object {
          "className": "form-control form-control-lg is-invalid",
          "disabled": "false",
          "id": "test",
          "name": "test",
          "onChange": [MockFunction],
          "placeholder": "type something",
          "rows": "3",
          "value": "",
        },
        "ref": null,
        "rendered": null,
        "type": "textarea",
      },
      Object {
        "instance": null,
        "key": undefined,
        "nodeType": "host",
        "props": Object {
          "children": "test",
          "className": "form-text text-muted",
        },
        "ref": null,
        "rendered": "test",
        "type": "small",
      },
      Object {
        "instance": null,
        "key": undefined,
        "nodeType": "host",
        "props": Object {
          "children": "test",
          "className": "invalid-feedback",
        },
        "ref": null,
        "rendered": "test",
        "type": "div",
      },
    ],
    "type": "div",
  },
  Symbol(enzyme.__nodes__): Array [
    Object {
      "instance": null,
      "key": undefined,
      "nodeType": "host",
      "props": Object {
        "children": Array [
          <label
            htmlFor="test"
          >
            test
          </label>,
          <textarea
            className="form-control form-control-lg is-invalid"
            disabled="false"
            id="test"
            name="test"
            onChange={[MockFunction]}
            placeholder="type something"
            rows="3"
            value=""
          />,
          <small
            className="form-text text-muted"
          >
            test
          </small>,
          <div
            className="invalid-feedback"
          >
            test
          </div>,
        ],
        "className": "form-group",
      },
      "ref": null,
      "rendered": Array [
        Object {
          "instance": null,
          "key": undefined,
          "nodeType": "host",
          "props": Object {
            "children": "test",
            "htmlFor": "test",
          },
          "ref": null,
          "rendered": "test",
          "type": "label",
        },
        Object {
          "instance": null,
          "key": undefined,
          "nodeType": "host",
          "props": Object {
            "className": "form-control form-control-lg is-invalid",
            "disabled": "false",
            "id": "test",
            "name": "test",
            "onChange": [MockFunction],
            "placeholder": "type something",
            "rows": "3",
            "value": "",
          },
          "ref": null,
          "rendered": null,
          "type": "textarea",
        },
        Object {
          "instance": null,
          "key": undefined,
          "nodeType": "host",
          "props": Object {
            "children": "test",
            "className": "form-text text-muted",
          },
          "ref": null,
          "rendered": "test",
          "type": "small",
        },
        Object {
          "instance": null,
          "key": undefined,
          "nodeType": "host",
          "props": Object {
            "children": "test",
            "className": "invalid-feedback",
          },
          "ref": null,
          "rendered": "test",
          "type": "div",
        },
      ],
      "type": "div",
    },
  ],
  Symbol(enzyme.__options__): Object {
    "adapter": ReactSixteenAdapter {
      "options": Object {
        "enableComponentDidUpdateOnSetState": true,
        "legacyContextMode": "parent",
        "lifecycles": Object {
          "componentDidUpdate": Object {
            "onSetState": true,
          },
          "getChildContext": Object {
            "calledByRenderer": false,
          },
          "getDerivedStateFromError": true,
          "getDerivedStateFromProps": Object {
            "hasShouldComponentUpdateBug": false,
          },
          "getSnapshotBeforeUpdate": true,
          "setState": Object {
            "skipsComponentDidUpdateOnNullish": true,
          },
        },
      },
    },
    Symbol(enzyme.__providerValues__): undefined,
  },
  Symbol(enzyme.__providerValues__): Map {},
}
`;
